[assembly: System.Reflection.AssemblyMetadata("RepositoryUrl", "https://github.com/arika0093/Configuration.Writable")]
namespace Configuration.Writable
{
    public class WritableConfigXmlProvider : Configuration.Writable.WritableConfigProviderBase
    {
        public WritableConfigXmlProvider() { }
        public override string FileExtension { get; }
        public override T LoadConfiguration<T>(Configuration.Writable.WritableConfigurationOptions<T> options)
            where T :  class, new () { }
        public override T LoadConfiguration<T>(System.IO.Stream stream, Configuration.Writable.WritableConfigurationOptions<T> options)
            where T :  class, new () { }
        public override System.Threading.Tasks.Task SaveAsync<T>(T config, Configuration.Writable.OptionOperations<T> operations, Configuration.Writable.WritableConfigurationOptions<T> options, System.Threading.CancellationToken cancellationToken = default)
            where T :  class, new () { }
    }
}