[assembly: System.Reflection.AssemblyMetadata("RepositoryUrl", "https://github.com/arika0093/Configuration.Writable")]
namespace Configuration.Writable
{
    public class WritableConfigXmlProvider : Configuration.Writable.WritableConfigProviderBase
    {
        public WritableConfigXmlProvider() { }
        public override string FileExtension { get; }
        public override void AddConfigurationFile(Microsoft.Extensions.Configuration.IConfigurationBuilder configuration, System.IO.Stream stream) { }
        public override void AddConfigurationFile(Microsoft.Extensions.Configuration.IConfigurationBuilder configuration, string path) { }
        public override System.ReadOnlyMemory<byte> GetSaveContents<T>(T config, Configuration.Writable.WritableConfigurationOptions<T> options)
            where T :  class { }
    }
}