[assembly: System.Reflection.AssemblyMetadata("RepositoryUrl", "https://github.com/arika0093/Configuration.Writable")]
namespace Configuration.Writable
{
    public class WritableConfigEncryptProvider : Configuration.Writable.WritableConfigProviderBase
    {
        public WritableConfigEncryptProvider(byte[] key) { }
        public WritableConfigEncryptProvider(string key) { }
        public override string FileExtension { get; }
        public Configuration.Writable.WritableConfigJsonProvider JsonProvider { get; init; }
        public byte[] Key { get; }
        public override System.ReadOnlyMemory<byte> GetSaveContents<T>(T config, Configuration.Writable.WritableConfigurationOptions<T> options)
            where T :  class { }
        public override T LoadConfiguration<T>(Configuration.Writable.WritableConfigurationOptions<T> options)
            where T :  class { }
        public override T LoadConfiguration<T>(System.IO.Stream stream, Configuration.Writable.WritableConfigurationOptions<T> options)
            where T :  class { }
    }
}